// Jest Snapshot v1, https://goo.gl/fbAQLP

exports[`Prueba en </App>  Debe hacer match con snapshot 1`] = `undefined`;
