// Jest Snapshot v1, https://goo.gl/fbAQLP

exports[`Pruebas en CounterApp Debe hacer match con el snapshot 1`] = `
<div>
  <h1>
    Title of Counter
  </h1>
  <h2>
    10
  </h2>
  <button>
     +1
  </button>
  <button>
     -1
  </button>
  <button>
     reset
  </button>
</div>
`;
